// Jest Snapshot v1, https://goo.gl/fbAQLP

exports[`ActivityLoggerCalorie should render correctly 1`] = `[Function]`;
