// Jest Snapshot v1, https://goo.gl/fbAQLP

exports[`Activity Logger (Exercise) should render correctly 1`] = `[Function]`;
