// Jest Snapshot v1, https://goo.gl/fbAQLP

exports[`Exercise Log should render correctly 1`] = `[Function]`;
