// Jest Snapshot v1, https://goo.gl/fbAQLP

exports[`Dietary Intake Log should render correctly 1`] = `[Function]`;
