// Jest Snapshot v1, https://goo.gl/fbAQLP

exports[`Forgot Password should render correctly 1`] = `[Function]`;
