// Jest Snapshot v1, https://goo.gl/fbAQLP

exports[`Launchpage should render correctly 1`] = `[Function]`;
