// Jest Snapshot v1, https://goo.gl/fbAQLP

exports[`Leaderboard should render correctly 1`] = `[Function]`;
