// Jest Snapshot v1, https://goo.gl/fbAQLP

exports[`SetupProfile should render correctly 1`] = `[Function]`;
