// Jest Snapshot v1, https://goo.gl/fbAQLP

exports[`Signup should render correctly 1`] = `[Function]`;
